2025-06-02T13:39:30.8144743Z Current runner version: '2.324.0'
2025-06-02T13:39:30.8170170Z ##[group]Operating System
2025-06-02T13:39:30.8170900Z Ubuntu
2025-06-02T13:39:30.8171496Z 24.04.2
2025-06-02T13:39:30.8171937Z LTS
2025-06-02T13:39:30.8172409Z ##[endgroup]
2025-06-02T13:39:30.8172953Z ##[group]Runner Image
2025-06-02T13:39:30.8173566Z Image: ubuntu-24.04
2025-06-02T13:39:30.8174086Z Version: 20250527.1.0
2025-06-02T13:39:30.8175102Z Included Software: https://github.com/actions/runner-images/blob/ubuntu24/20250527.1/images/ubuntu/Ubuntu2404-Readme.md
2025-06-02T13:39:30.8176469Z Image Release: https://github.com/actions/runner-images/releases/tag/ubuntu24%2F20250527.1
2025-06-02T13:39:30.8177289Z ##[endgroup]
2025-06-02T13:39:30.8177833Z ##[group]Runner Image Provisioner
2025-06-02T13:39:30.8178406Z 2.0.437.1
2025-06-02T13:39:30.8178858Z ##[endgroup]
2025-06-02T13:39:30.8181730Z ##[group]GITHUB_TOKEN Permissions
2025-06-02T13:39:30.8183660Z Actions: write
2025-06-02T13:39:30.8184437Z Attestations: write
2025-06-02T13:39:30.8185037Z Checks: write
2025-06-02T13:39:30.8185616Z Contents: write
2025-06-02T13:39:30.8186122Z Deployments: write
2025-06-02T13:39:30.8186580Z Discussions: write
2025-06-02T13:39:30.8187111Z Issues: write
2025-06-02T13:39:30.8187605Z Metadata: read
2025-06-02T13:39:30.8188074Z Models: read
2025-06-02T13:39:30.8188496Z Packages: write
2025-06-02T13:39:30.8189232Z Pages: write
2025-06-02T13:39:30.8189709Z PullRequests: write
2025-06-02T13:39:30.8190418Z RepositoryProjects: write
2025-06-02T13:39:30.8191033Z SecurityEvents: write
2025-06-02T13:39:30.8191506Z Statuses: write
2025-06-02T13:39:30.8192026Z ##[endgroup]
2025-06-02T13:39:30.8193969Z Secret source: Actions
2025-06-02T13:39:30.8194727Z Prepare workflow directory
2025-06-02T13:39:30.8515749Z Prepare all required actions
2025-06-02T13:39:30.8553075Z Getting action download info
2025-06-02T13:39:31.1841046Z ##[group]Download immutable action package 'actions/checkout@v4'
2025-06-02T13:39:31.1842014Z Version: 4.2.2
2025-06-02T13:39:31.1843011Z Digest: sha256:ccb2698953eaebd21c7bf6268a94f9c26518a7e38e27e0b83c1fe1ad049819b1
2025-06-02T13:39:31.1844264Z Source commit SHA: 11bd71901bbe5b1630ceea73d27597364c9af683
2025-06-02T13:39:31.1844943Z ##[endgroup]
2025-06-02T13:39:31.2712803Z ##[group]Download immutable action package 'actions/setup-python@v5'
2025-06-02T13:39:31.2713595Z Version: 5.6.0
2025-06-02T13:39:31.2714316Z Digest: sha256:0b35a0c11c97499e4e0576589036d450b9f5f9da74b7774225b3614b57324404
2025-06-02T13:39:31.2715344Z Source commit SHA: a26af69be951a213d495a4c3e4e4022e16d87065
2025-06-02T13:39:31.2715987Z ##[endgroup]
2025-06-02T13:39:31.4565723Z Download action repository 'astral-sh/setup-uv@v3' (SHA:caf0cab7a618c569241d31dcd442f54681755d39)
2025-06-02T13:39:31.7617417Z Complete job name: test (3.12)
2025-06-02T13:39:31.8274515Z ##[group]Run actions/checkout@v4
2025-06-02T13:39:31.8275325Z with:
2025-06-02T13:39:31.8275736Z   repository: luckybbjason1/open-notebook
2025-06-02T13:39:31.8276408Z   token: ***
2025-06-02T13:39:31.8276776Z   ssh-strict: true
2025-06-02T13:39:31.8277181Z   ssh-user: git
2025-06-02T13:39:31.8277567Z   persist-credentials: true
2025-06-02T13:39:31.8277997Z   clean: true
2025-06-02T13:39:31.8278375Z   sparse-checkout-cone-mode: true
2025-06-02T13:39:31.8278841Z   fetch-depth: 1
2025-06-02T13:39:31.8279208Z   fetch-tags: false
2025-06-02T13:39:31.8279584Z   show-progress: true
2025-06-02T13:39:31.8279963Z   lfs: false
2025-06-02T13:39:31.8280479Z   submodules: false
2025-06-02T13:39:31.8280871Z   set-safe-directory: true
2025-06-02T13:39:31.8281534Z ##[endgroup]
2025-06-02T13:39:32.0045642Z Syncing repository: luckybbjason1/open-notebook
2025-06-02T13:39:32.0047691Z ##[group]Getting Git version info
2025-06-02T13:39:32.0048583Z Working directory is '/home/runner/work/open-notebook/open-notebook'
2025-06-02T13:39:32.0049755Z [command]/usr/bin/git version
2025-06-02T13:39:32.0067288Z git version 2.49.0
2025-06-02T13:39:32.0096850Z ##[endgroup]
2025-06-02T13:39:32.0112263Z Temporarily overriding HOME='/home/runner/work/_temp/794a6b2e-f83e-4e92-9333-d208c3e22186' before making global git config changes
2025-06-02T13:39:32.0115410Z Adding repository directory to the temporary git global config as a safe directory
2025-06-02T13:39:32.0118918Z [command]/usr/bin/git config --global --add safe.directory /home/runner/work/open-notebook/open-notebook
2025-06-02T13:39:32.0153615Z Deleting the contents of '/home/runner/work/open-notebook/open-notebook'
2025-06-02T13:39:32.0157254Z ##[group]Initializing the repository
2025-06-02T13:39:32.0162847Z [command]/usr/bin/git init /home/runner/work/open-notebook/open-notebook
2025-06-02T13:39:32.0233033Z hint: Using 'master' as the name for the initial branch. This default branch name
2025-06-02T13:39:32.0235051Z hint: is subject to change. To configure the initial branch name to use in all
2025-06-02T13:39:32.0236856Z hint: of your new repositories, which will suppress this warning, call:
2025-06-02T13:39:32.0238133Z hint:
2025-06-02T13:39:32.0238963Z hint: 	git config --global init.defaultBranch <name>
2025-06-02T13:39:32.0239652Z hint:
2025-06-02T13:39:32.0240622Z hint: Names commonly chosen instead of 'master' are 'main', 'trunk' and
2025-06-02T13:39:32.0241617Z hint: 'development'. The just-created branch can be renamed via this command:
2025-06-02T13:39:32.0242372Z hint:
2025-06-02T13:39:32.0242823Z hint: 	git branch -m <name>
2025-06-02T13:39:32.0243682Z Initialized empty Git repository in /home/runner/work/open-notebook/open-notebook/.git/
2025-06-02T13:39:32.0251450Z [command]/usr/bin/git remote add origin https://github.com/luckybbjason1/open-notebook
2025-06-02T13:39:32.0285999Z ##[endgroup]
2025-06-02T13:39:32.0286852Z ##[group]Disabling automatic garbage collection
2025-06-02T13:39:32.0289802Z [command]/usr/bin/git config --local gc.auto 0
2025-06-02T13:39:32.0320471Z ##[endgroup]
2025-06-02T13:39:32.0321665Z ##[group]Setting up auth
2025-06-02T13:39:32.0327041Z [command]/usr/bin/git config --local --name-only --get-regexp core\.sshCommand
2025-06-02T13:39:32.0358448Z [command]/usr/bin/git submodule foreach --recursive sh -c "git config --local --name-only --get-regexp 'core\.sshCommand' && git config --local --unset-all 'core.sshCommand' || :"
2025-06-02T13:39:32.0645268Z [command]/usr/bin/git config --local --name-only --get-regexp http\.https\:\/\/github\.com\/\.extraheader
2025-06-02T13:39:32.0678506Z [command]/usr/bin/git submodule foreach --recursive sh -c "git config --local --name-only --get-regexp 'http\.https\:\/\/github\.com\/\.extraheader' && git config --local --unset-all 'http.https://github.com/.extraheader' || :"
2025-06-02T13:39:32.0912899Z [command]/usr/bin/git config --local http.https://github.com/.extraheader AUTHORIZATION: basic ***
2025-06-02T13:39:32.0948272Z ##[endgroup]
2025-06-02T13:39:32.0950300Z ##[group]Fetching the repository
2025-06-02T13:39:32.0958761Z [command]/usr/bin/git -c protocol.version=2 fetch --no-tags --prune --no-recurse-submodules --depth=1 origin +d162b9ba88cbe17add238ecd4ba41da549ab7fe4:refs/remotes/pull/1/merge
2025-06-02T13:39:32.5221726Z From https://github.com/luckybbjason1/open-notebook
2025-06-02T13:39:32.5224398Z  * [new ref]         d162b9ba88cbe17add238ecd4ba41da549ab7fe4 -> pull/1/merge
2025-06-02T13:39:32.5247280Z ##[endgroup]
2025-06-02T13:39:32.5250735Z ##[group]Determining the checkout info
2025-06-02T13:39:32.5251891Z ##[endgroup]
2025-06-02T13:39:32.5254576Z [command]/usr/bin/git sparse-checkout disable
2025-06-02T13:39:32.5298385Z [command]/usr/bin/git config --local --unset-all extensions.worktreeConfig
2025-06-02T13:39:32.5326752Z ##[group]Checking out the ref
2025-06-02T13:39:32.5330748Z [command]/usr/bin/git checkout --progress --force refs/remotes/pull/1/merge
2025-06-02T13:39:32.5476917Z Note: switching to 'refs/remotes/pull/1/merge'.
2025-06-02T13:39:32.5478044Z 
2025-06-02T13:39:32.5478726Z You are in 'detached HEAD' state. You can look around, make experimental
2025-06-02T13:39:32.5480863Z changes and commit them, and you can discard any commits you make in this
2025-06-02T13:39:32.5483432Z state without impacting any branches by switching back to a branch.
2025-06-02T13:39:32.5485306Z 
2025-06-02T13:39:32.5486259Z If you want to create a new branch to retain commits you create, you may
2025-06-02T13:39:32.5488575Z do so (now or later) by using -c with the switch command. Example:
2025-06-02T13:39:32.5490217Z 
2025-06-02T13:39:32.5490779Z   git switch -c <new-branch-name>
2025-06-02T13:39:32.5491719Z 
2025-06-02T13:39:32.5492239Z Or undo this operation with:
2025-06-02T13:39:32.5493068Z 
2025-06-02T13:39:32.5493492Z   git switch -
2025-06-02T13:39:32.5494115Z 
2025-06-02T13:39:32.5495248Z Turn off this advice by setting config variable advice.detachedHead to false
2025-06-02T13:39:32.5496599Z 
2025-06-02T13:39:32.5497921Z HEAD is now at d162b9b Merge 7aff1416e4d0473aa20e1650226eabfa7a31bec8 into 01f2ae1f485dfb8c98ee5e1b35e47bbf0fe2c6ae
2025-06-02T13:39:32.5502834Z ##[endgroup]
2025-06-02T13:39:32.5524040Z [command]/usr/bin/git log -1 --format=%H
2025-06-02T13:39:32.5545874Z d162b9ba88cbe17add238ecd4ba41da549ab7fe4
2025-06-02T13:39:32.5852773Z ##[group]Run actions/setup-python@v5
2025-06-02T13:39:32.5853941Z with:
2025-06-02T13:39:32.5854718Z   python-version: 3.12
2025-06-02T13:39:32.5855663Z   check-latest: false
2025-06-02T13:39:32.5856814Z   token: ***
2025-06-02T13:39:32.5857661Z   update-environment: true
2025-06-02T13:39:32.5858669Z   allow-prereleases: false
2025-06-02T13:39:32.5859671Z   freethreaded: false
2025-06-02T13:39:32.5860734Z ##[endgroup]
2025-06-02T13:39:32.7596066Z ##[group]Installed versions
2025-06-02T13:39:32.7656765Z Successfully set up CPython (3.12.10)
2025-06-02T13:39:32.7659136Z ##[endgroup]
2025-06-02T13:39:32.7888657Z ##[group]Run astral-sh/setup-uv@v3
2025-06-02T13:39:32.7890498Z with:
2025-06-02T13:39:32.7891676Z   version: latest
2025-06-02T13:39:32.7893600Z   github-token: ***
2025-06-02T13:39:32.7894917Z   enable-cache: false
2025-06-02T13:39:32.7962032Z   cache-dependency-glob: **/uv.lock
2025-06-02T13:39:32.7963973Z   prune-cache: true
2025-06-02T13:39:32.7965379Z env:
2025-06-02T13:39:32.7966937Z   pythonLocation: /opt/hostedtoolcache/Python/3.12.10/x64
2025-06-02T13:39:32.7969806Z   PKG_CONFIG_PATH: /opt/hostedtoolcache/Python/3.12.10/x64/lib/pkgconfig
2025-06-02T13:39:32.7972809Z   Python_ROOT_DIR: /opt/hostedtoolcache/Python/3.12.10/x64
2025-06-02T13:39:32.7975341Z   Python2_ROOT_DIR: /opt/hostedtoolcache/Python/3.12.10/x64
2025-06-02T13:39:32.7977880Z   Python3_ROOT_DIR: /opt/hostedtoolcache/Python/3.12.10/x64
2025-06-02T13:39:32.7980631Z   LD_LIBRARY_PATH: /opt/hostedtoolcache/Python/3.12.10/x64/lib
2025-06-02T13:39:32.7982753Z ##[endgroup]
2025-06-02T13:39:32.9763726Z Downloading uv from "https://github.com/astral-sh/uv/releases/latest/download/uv-x86_64-unknown-linux-gnu.tar.gz" ...
2025-06-02T13:39:33.3543707Z [command]/usr/bin/tar xz --warning=no-unknown-keyword --overwrite -C /home/runner/work/_temp/c2d0347a-cb73-4fd0-9dee-551e0ab42ad0 -f /home/runner/work/_temp/92eba37f-c250-4ad3-a076-1cb684c9fee0
2025-06-02T13:39:33.7097683Z Added /opt/hostedtoolcache/uv/0.7.9/x86_64 to the path
2025-06-02T13:39:33.7100307Z Added /home/runner/.local/bin to the path
2025-06-02T13:39:33.7104319Z Successfully installed uv version 0.7.9
2025-06-02T13:39:33.7113766Z Set UV_CACHE_DIR to /home/runner/work/_temp/setup-uv-cache
2025-06-02T13:39:33.7229279Z ##[group]Run uv sync --dev
2025-06-02T13:39:33.7229591Z [36;1muv sync --dev[0m
2025-06-02T13:39:33.7386502Z shell: /usr/bin/bash -e {0}
2025-06-02T13:39:33.7386782Z env:
2025-06-02T13:39:33.7387060Z   pythonLocation: /opt/hostedtoolcache/Python/3.12.10/x64
2025-06-02T13:39:33.7387535Z   PKG_CONFIG_PATH: /opt/hostedtoolcache/Python/3.12.10/x64/lib/pkgconfig
2025-06-02T13:39:33.7387992Z   Python_ROOT_DIR: /opt/hostedtoolcache/Python/3.12.10/x64
2025-06-02T13:39:33.7388399Z   Python2_ROOT_DIR: /opt/hostedtoolcache/Python/3.12.10/x64
2025-06-02T13:39:33.7388806Z   Python3_ROOT_DIR: /opt/hostedtoolcache/Python/3.12.10/x64
2025-06-02T13:39:33.7389208Z   LD_LIBRARY_PATH: /opt/hostedtoolcache/Python/3.12.10/x64/lib
2025-06-02T13:39:33.7389609Z   UV_CACHE_DIR: /home/runner/work/_temp/setup-uv-cache
2025-06-02T13:39:33.7390421Z ##[endgroup]
2025-06-02T13:39:33.8322088Z Using CPython 3.12.10 interpreter at: /opt/hostedtoolcache/Python/3.12.10/x64/bin/python3
2025-06-02T13:39:33.8323024Z Creating virtual environment at: .venv
2025-06-02T13:39:33.8541636Z Resolved 248 packages in 0.78ms
2025-06-02T13:39:33.8694728Z    Building open-notebook @ file:///home/runner/work/open-notebook/open-notebook
2025-06-02T13:39:33.8704153Z    Updating https://github.com/lfnovo/surreal-lite-py (HEAD)
2025-06-02T13:39:33.8988947Z Downloading grpcio (5.6MiB)
2025-06-02T13:39:33.9022395Z Downloading numpy (17.1MiB)
2025-06-02T13:39:33.9026577Z Downloading tiktoken (1.1MiB)
2025-06-02T13:39:33.9032414Z Downloading babel (9.7MiB)
2025-06-02T13:39:33.9033527Z Downloading pandas (12.1MiB)
2025-06-02T13:39:33.9039905Z Downloading langchain-community (2.4MiB)
2025-06-02T13:39:33.9123374Z Downloading sphinx-rtd-theme (7.3MiB)
2025-06-02T13:39:33.9138534Z Downloading pygments (1.2MiB)
2025-06-02T13:39:33.9143023Z Downloading sphinx (3.3MiB)
2025-06-02T13:39:33.9163365Z Downloading pydeck (6.6MiB)
2025-06-02T13:39:33.9165946Z Downloading pydantic-core (2.0MiB)
2025-06-02T13:39:33.9169782Z Downloading virtualenv (4.1MiB)
2025-06-02T13:39:33.9172871Z Downloading litellm (6.6MiB)
2025-06-02T13:39:33.9180466Z Downloading google-ai-generativelanguage (1.3MiB)
2025-06-02T13:39:33.9183937Z Downloading pyarrow (40.1MiB)
2025-06-02T13:39:33.9188077Z Downloading setuptools (1.2MiB)
2025-06-02T13:39:33.9191353Z Downloading rapidfuzz (3.0MiB)
2025-06-02T13:39:33.9198478Z Downloading streamlit-tags (2.6MiB)
2025-06-02T13:39:33.9204232Z Downloading sqlalchemy (3.1MiB)
2025-06-02T13:39:33.9208684Z Downloading pillow (4.3MiB)
2025-06-02T13:39:33.9220389Z Downloading google-api-python-client (12.5MiB)
2025-06-02T13:39:33.9229105Z Downloading aiohttp (1.6MiB)
2025-06-02T13:39:33.9234031Z Downloading streamlit (9.3MiB)
2025-06-02T13:39:33.9242519Z Downloading shapely (2.4MiB)
2025-06-02T13:39:33.9247113Z Downloading lxml (4.8MiB)
2025-06-02T13:39:33.9251588Z Downloading zstandard (5.2MiB)
2025-06-02T13:39:33.9255683Z Downloading cython (3.4MiB)
2025-06-02T13:39:33.9259963Z Downloading pymupdf (18.7MiB)
2025-06-02T13:39:33.9264845Z Downloading google-cloud-aiplatform (7.0MiB)
2025-06-02T13:39:33.9346206Z Downloading tokenizers (2.9MiB)
2025-06-02T13:39:34.1622276Z     Updated https://github.com/lfnovo/surreal-lite-py (30c250ade7ae9a8dca17f8114a1a05a4c6ce19e1)
2025-06-02T13:39:34.1651910Z    Building sdblpy @ git+https://github.com/lfnovo/surreal-lite-py@30c250ade7ae9a8dca17f8114a1a05a4c6ce19e1
2025-06-02T13:39:34.7354109Z  Downloading tiktoken
2025-06-02T13:39:34.8100919Z  Downloading pygments
2025-06-02T13:39:34.9063196Z  Downloading google-ai-generativelanguage
2025-06-02T13:39:35.0427273Z  Downloading aiohttp
2025-06-02T13:39:35.2028440Z  Downloading pydantic-core
2025-06-02T13:39:35.2638741Z  Downloading setuptools
2025-06-02T13:39:35.5473027Z  Downloading streamlit-tags
2025-06-02T13:39:35.6275862Z  Downloading tokenizers
2025-06-02T13:39:35.6499733Z    Building ffmpeg==1.4
2025-06-02T13:39:35.6913077Z    Building pandoc==2.4
2025-06-02T13:39:35.7418288Z  Downloading shapely
2025-06-02T13:39:35.7751901Z  Downloading rapidfuzz
2025-06-02T13:39:35.9212349Z  Downloading sqlalchemy
2025-06-02T13:39:36.1914674Z    Building langdetect==1.0.9
2025-06-02T13:39:36.3896223Z  Downloading cython
2025-06-02T13:39:36.4853974Z  Downloading virtualenv
2025-06-02T13:39:36.5221515Z  Downloading sphinx
2025-06-02T13:39:36.5932833Z  Downloading pillow
2025-06-02T13:39:36.8319483Z       Built ffmpeg==1.4
2025-06-02T13:39:36.8950930Z       Built sdblpy @ git+https://github.com/lfnovo/surreal-lite-py@30c250ade7ae9a8dca17f8114a1a05a4c6ce19e1
2025-06-02T13:39:36.9169765Z       Built open-notebook @ file:///home/runner/work/open-notebook/open-notebook
2025-06-02T13:39:36.9307152Z       Built pandoc==2.4
2025-06-02T13:39:36.9535615Z  Downloading lxml
2025-06-02T13:39:36.9868230Z  Downloading zstandard
2025-06-02T13:39:37.0686632Z  Downloading grpcio
2025-06-02T13:39:37.2171173Z  Downloading pydeck
2025-06-02T13:39:37.3173261Z  Downloading langchain-community
2025-06-02T13:39:37.3268965Z  Downloading sphinx-rtd-theme
2025-06-02T13:39:37.4102300Z  Downloading litellm
2025-06-02T13:39:37.5676361Z  Downloading streamlit
2025-06-02T13:39:37.6009133Z       Built langdetect==1.0.9
2025-06-02T13:39:37.9741166Z  Downloading numpy
2025-06-02T13:39:38.0365360Z  Downloading pandas
2025-06-02T13:39:38.0602379Z  Downloading babel
2025-06-02T13:39:38.0685816Z  Downloading pymupdf
2025-06-02T13:39:38.0746252Z  Downloading google-cloud-aiplatform
2025-06-02T13:39:38.0783756Z  Downloading google-api-python-client
2025-06-02T13:39:38.1584798Z  Downloading pyarrow
2025-06-02T13:39:38.1587149Z Prepared 218 packages in 4.30s
2025-06-02T13:39:38.3778432Z Installed 218 packages in 218ms
2025-06-02T13:39:38.3780487Z  + aiohappyeyeballs==2.6.0
2025-06-02T13:39:38.3780865Z  + aiohttp==3.11.13
2025-06-02T13:39:38.3781162Z  + aiosignal==1.3.2
2025-06-02T13:39:38.3781450Z  + aiosqlite==0.21.0
2025-06-02T13:39:38.3784603Z  + alabaster==1.0.0
2025-06-02T13:39:38.3784961Z  + altair==5.5.0
2025-06-02T13:39:38.3785280Z  + annotated-types==0.7.0
2025-06-02T13:39:38.3785641Z  + anthropic==0.49.0
2025-06-02T13:39:38.3785974Z  + anyio==4.8.0
2025-06-02T13:39:38.3786256Z  + attrs==25.1.0
2025-06-02T13:39:38.3786533Z  + babel==2.17.0
2025-06-02T13:39:38.3786826Z  + beautifulsoup4==4.13.3
2025-06-02T13:39:38.3787150Z  + bleach==6.2.0
2025-06-02T13:39:38.3787424Z  + blinker==1.9.0
2025-06-02T13:39:38.3787712Z  + bs4==0.0.2
2025-06-02T13:39:38.3787980Z  + cachetools==5.5.2
2025-06-02T13:39:38.3788281Z  + certifi==2025.1.31
2025-06-02T13:39:38.3788577Z  + cfgv==3.4.0
2025-06-02T13:39:38.3788889Z  + charset-normalizer==3.4.1
2025-06-02T13:39:38.3789232Z  + click==8.1.8
2025-06-02T13:39:38.3789514Z  + cython==3.0.12
2025-06-02T13:39:38.3789837Z  + dataclasses-json==0.6.7
2025-06-02T13:39:38.3790356Z  + defusedxml==0.7.1
2025-06-02T13:39:38.3790679Z  + distlib==0.3.9
2025-06-02T13:39:38.3790979Z  + distro==1.9.0
2025-06-02T13:39:38.3791310Z  + docstring-parser==0.16
2025-06-02T13:39:38.3791646Z  + docutils==0.21.2
2025-06-02T13:39:38.3791949Z  + edge-tts==6.1.19
2025-06-02T13:39:38.3792249Z  + elevenlabs==1.54.0
2025-06-02T13:39:38.3792580Z  + et-xmlfile==2.0.0
2025-06-02T13:39:38.3792889Z  + execnet==2.1.1
2025-06-02T13:39:38.3793195Z  + fastjsonschema==2.21.1
2025-06-02T13:39:38.3793532Z  + ffmpeg==1.4
2025-06-02T13:39:38.3793816Z  + filelock==3.17.0
2025-06-02T13:39:38.3794118Z  + filetype==1.2.0
2025-06-02T13:39:38.3794420Z  + frozenlist==1.5.0
2025-06-02T13:39:38.3794738Z  + fsspec==2025.3.0
2025-06-02T13:39:38.3795031Z  + fuzzywuzzy==0.18.0
2025-06-02T13:39:38.3795346Z  + gitdb==4.0.12
2025-06-02T13:39:38.3795646Z  + gitpython==3.1.44
2025-06-02T13:39:38.3796000Z  + google-ai-generativelanguage==0.6.15
2025-06-02T13:39:38.3796453Z  + google-api-core==2.24.2
2025-06-02T13:39:38.3796837Z  + google-api-python-client==2.163.0
2025-06-02T13:39:38.3797262Z  + google-auth==2.38.0
2025-06-02T13:39:38.3797610Z  + google-auth-httplib2==0.2.0
2025-06-02T13:39:38.3798041Z  + google-cloud-aiplatform==1.84.0
2025-06-02T13:39:38.3798466Z  + google-cloud-bigquery==3.30.0
2025-06-02T13:39:38.3798868Z  + google-cloud-core==2.4.3
2025-06-02T13:39:38.3799577Z  + google-cloud-resource-manager==1.14.1
2025-06-02T13:39:38.3800201Z  + google-cloud-storage==2.19.0
2025-06-02T13:39:38.3800607Z  + google-cloud-texttospeech==2.25.0
2025-06-02T13:39:38.3801026Z  + google-crc32c==1.6.0
2025-06-02T13:39:38.3801379Z  + google-generativeai==0.8.4
2025-06-02T13:39:38.3801767Z  + google-resumable-media==2.7.2
2025-06-02T13:39:38.3802193Z  + googleapis-common-protos==1.69.1
2025-06-02T13:39:38.3802610Z  + greenlet==3.1.1
2025-06-02T13:39:38.3802922Z  + groq==0.18.0
2025-06-02T13:39:38.3803266Z  + grpc-google-iam-v1==0.14.1
2025-06-02T13:39:38.3803627Z  + grpcio==1.71.0
2025-06-02T13:39:38.3803947Z  + grpcio-status==1.71.0
2025-06-02T13:39:38.3804279Z  + h11==0.14.0
2025-06-02T13:39:38.3804577Z  + httpcore==1.0.7
2025-06-02T13:39:38.3804882Z  + httplib2==0.22.0
2025-06-02T13:39:38.3805458Z  + httpx==0.27.2
2025-06-02T13:39:38.3805806Z  + httpx-sse==0.4.0
2025-06-02T13:39:38.3806257Z  + huggingface-hub==0.29.3
2025-06-02T13:39:38.3806618Z  + humanize==4.12.1
2025-06-02T13:39:38.3806927Z  + identify==2.6.9
2025-06-02T13:39:38.3807240Z  + idna==3.10
2025-06-02T13:39:38.3807517Z  + imagesize==1.4.1
2025-06-02T13:39:38.3807866Z  + importlib-metadata==8.6.1
2025-06-02T13:39:38.3808255Z  + iniconfig==2.0.0
2025-06-02T13:39:38.3808557Z  + jinja2==3.1.6
2025-06-02T13:39:38.3808849Z  + jiter==0.9.0
2025-06-02T13:39:38.3809148Z  + jsonpatch==1.33
2025-06-02T13:39:38.3809470Z  + jsonpointer==3.0.0
2025-06-02T13:39:38.3809799Z  + jsonschema==4.23.0
2025-06-02T13:39:38.3810384Z  + jsonschema-specifications==2024.10.1
2025-06-02T13:39:38.3810824Z  + jupyter-client==8.6.3
2025-06-02T13:39:38.3811259Z  + jupyter-core==5.7.2
2025-06-02T13:39:38.3811611Z  + jupyterlab-pygments==0.3.0
2025-06-02T13:39:38.3811973Z  + langchain==0.3.20
2025-06-02T13:39:38.3812289Z  + langchain-anthropic==0.3.9
2025-06-02T13:39:38.3812682Z  + langchain-community==0.3.19
2025-06-02T13:39:38.3814166Z  + langchain-core==0.3.43
2025-06-02T13:39:38.3814546Z  + langchain-google-genai==2.0.10
2025-06-02T13:39:38.3814961Z  + langchain-google-vertexai==2.0.10
2025-06-02T13:39:38.3815367Z  + langchain-groq==0.2.5
2025-06-02T13:39:38.3815696Z  + langchain-ollama==0.2.3
2025-06-02T13:39:38.3816033Z  + langchain-openai==0.3.8
2025-06-02T13:39:38.3816391Z  + langchain-text-splitters==0.3.6
2025-06-02T13:39:38.3816873Z  + langdetect==1.0.9
2025-06-02T13:39:38.3817240Z  + langgraph==0.3.6
2025-06-02T13:39:38.3817634Z  + langgraph-checkpoint==2.0.18
2025-06-02T13:39:38.3818106Z  + langgraph-checkpoint-sqlite==2.0.6
2025-06-02T13:39:38.3818577Z  + langgraph-prebuilt==0.1.2
2025-06-02T13:39:38.3818977Z  + langgraph-sdk==0.1.55
2025-06-02T13:39:38.3819362Z  + langsmith==0.3.13
2025-06-02T13:39:38.3819716Z  + levenshtein==0.26.1
2025-06-02T13:39:38.3820357Z  + litellm==1.63.6
2025-06-02T13:39:38.3820717Z  + loguru==0.7.3
2025-06-02T13:39:38.3821012Z  + lxml==5.3.1
2025-06-02T13:39:38.3821322Z  + markdown-it-py==3.0.0
2025-06-02T13:39:38.3821692Z  + markupsafe==3.0.2
2025-06-02T13:39:38.3822017Z  + marshmallow==3.26.1
2025-06-02T13:39:38.3822343Z  + mdurl==0.1.2
2025-06-02T13:39:38.3822648Z  + mistune==3.1.2
2025-06-02T13:39:38.3822942Z  + msgpack==1.1.0
2025-06-02T13:39:38.3823253Z  + multidict==6.1.0
2025-06-02T13:39:38.3823579Z  + mypy-extensions==1.0.0
2025-06-02T13:39:38.3823923Z  + narwhals==1.30.0
2025-06-02T13:39:38.3824240Z  + nbclient==0.10.2
2025-06-02T13:39:38.3824527Z  + nbconvert==7.16.6
2025-06-02T13:39:38.3824860Z  + nbformat==5.10.4
2025-06-02T13:39:38.3825168Z  + nbsphinx==0.9.7
2025-06-02T13:39:38.3825474Z  + nest-asyncio==1.6.0
2025-06-02T13:39:38.3825803Z  + nodeenv==1.9.1
2025-06-02T13:39:38.3826088Z  + numpy==1.26.4
2025-06-02T13:39:38.3826374Z  + ollama==0.4.7
2025-06-02T13:39:38.3826923Z  + open-notebook==0.1.2 (from file:///home/runner/work/open-notebook/open-notebook)
2025-06-02T13:39:38.3827522Z  + openai==1.66.2
2025-06-02T13:39:38.3827856Z  + openpyxl==3.1.5
2025-06-02T13:39:38.3828149Z  + orjson==3.10.15
2025-06-02T13:39:38.3828446Z  + packaging==24.2
2025-06-02T13:39:38.3828745Z  + pandas==2.2.3
2025-06-02T13:39:38.3829281Z  + pandoc==2.4
2025-06-02T13:39:38.3829626Z  + pandocfilters==1.5.1
2025-06-02T13:39:38.3829961Z  + pillow==11.1.0
2025-06-02T13:39:38.3830405Z  + platformdirs==4.3.6
2025-06-02T13:39:38.3830747Z  + pluggy==1.5.0
2025-06-02T13:39:38.3831040Z  + plumbum==1.9.0
2025-06-02T13:39:38.3831322Z  + ply==3.11
2025-06-02T13:39:38.3831615Z  + podcastfy==0.4.1
2025-06-02T13:39:38.3831921Z  + pre-commit==4.1.0
2025-06-02T13:39:38.3832251Z  + propcache==0.3.0
2025-06-02T13:39:38.3832563Z  + proto-plus==1.26.1
2025-06-02T13:39:38.3832896Z  + protobuf==5.29.3
2025-06-02T13:39:38.3833202Z  + pyarrow==19.0.1
2025-06-02T13:39:38.3833511Z  + pyasn1==0.6.1
2025-06-02T13:39:38.3833830Z  + pyasn1-modules==0.4.1
2025-06-02T13:39:38.3834175Z  + pydantic==2.9.2
2025-06-02T13:39:38.3834497Z  + pydantic-core==2.23.4
2025-06-02T13:39:38.3835085Z  + pydantic-settings==2.8.1
2025-06-02T13:39:38.3835445Z  + pydeck==0.9.1
2025-06-02T13:39:38.3835732Z  + pydub==0.25.1
2025-06-02T13:39:38.3836026Z  + pygments==2.19.1
2025-06-02T13:39:38.3836340Z  + pymupdf==1.24.11
2025-06-02T13:39:38.3836656Z  + pyparsing==3.2.1
2025-06-02T13:39:38.3836955Z  + pytest==8.3.5
2025-06-02T13:39:38.3837275Z  + pytest-xdist==3.6.1
2025-06-02T13:39:38.3837626Z  + python-dateutil==2.9.0.post0
2025-06-02T13:39:38.3838020Z  + python-docx==1.1.2
2025-06-02T13:39:38.3838361Z  + python-dotenv==1.0.1
2025-06-02T13:39:38.3838696Z  + python-levenshtein==0.26.1
2025-06-02T13:39:38.3839100Z  + python-magic==0.4.27
2025-06-02T13:39:38.3839439Z  + python-pptx==1.0.2
2025-06-02T13:39:38.3839772Z  + pytz==2024.2
2025-06-02T13:39:38.3840226Z  + pyyaml==6.0.2
2025-06-02T13:39:38.3840540Z  + pyzmq==26.2.1
2025-06-02T13:39:38.3840845Z  + rapidfuzz==3.12.2
2025-06-02T13:39:38.3841174Z  + referencing==0.36.2
2025-06-02T13:39:38.3841498Z  + regex==2024.11.6
2025-06-02T13:39:38.3841793Z  + requests==2.32.3
2025-06-02T13:39:38.3842128Z  + requests-toolbelt==1.0.0
2025-06-02T13:39:38.3842471Z  + rich==13.9.4
2025-06-02T13:39:38.3842771Z  + rpds-py==0.23.1
2025-06-02T13:39:38.3843069Z  + rsa==4.9
2025-06-02T13:39:38.3843780Z  + sdblpy==0.3.0 (from git+https://github.com/lfnovo/surreal-lite-py@30c250ade7ae9a8dca17f8114a1a05a4c6ce19e1)
2025-06-02T13:39:38.3844633Z  + setuptools==75.9.1
2025-06-02T13:39:38.3844953Z  + shapely==2.0.7
2025-06-02T13:39:38.3845278Z  + shellingham==1.5.4
2025-06-02T13:39:38.3845585Z  + six==1.17.0
2025-06-02T13:39:38.3845869Z  + smmap==5.0.2
2025-06-02T13:39:38.3847728Z  + sniffio==1.3.1
2025-06-02T13:39:38.3848060Z  + snowballstemmer==2.2.0
2025-06-02T13:39:38.3848391Z  + socksio==1.0.0
2025-06-02T13:39:38.3848666Z  + soupsieve==2.6
2025-06-02T13:39:38.3848945Z  + sphinx==8.1.3
2025-06-02T13:39:38.3849267Z  + sphinx-autodoc-typehints==2.5.0
2025-06-02T13:39:38.3849655Z  + sphinx-rtd-theme==3.0.2
2025-06-02T13:39:38.3850184Z  + sphinxcontrib-applehelp==2.0.0
2025-06-02T13:39:38.3850597Z  + sphinxcontrib-devhelp==2.0.0
2025-06-02T13:39:38.3850983Z  + sphinxcontrib-htmlhelp==2.1.0
2025-06-02T13:39:38.3851393Z  + sphinxcontrib-jquery==4.1
2025-06-02T13:39:38.3851889Z  + sphinxcontrib-jsmath==1.0.1
2025-06-02T13:39:38.3852319Z  + sphinxcontrib-qthelp==2.0.0
2025-06-02T13:39:38.3852722Z  + sphinxcontrib-serializinghtml==2.0.0
2025-06-02T13:39:38.3853129Z  + sqlalchemy==2.0.39
2025-06-02T13:39:38.3853426Z  + streamlit==1.43.2
2025-06-02T13:39:38.3853741Z  + streamlit-monaco==0.1.3
2025-06-02T13:39:38.3854102Z  + streamlit-scrollable-textbox==0.0.3
2025-06-02T13:39:38.3854514Z  + streamlit-tags==1.2.8
2025-06-02T13:39:38.3854858Z  + tenacity==9.0.0
2025-06-02T13:39:38.3855137Z  + tiktoken==0.9.0
2025-06-02T13:39:38.3855413Z  + tinycss2==1.4.0
2025-06-02T13:39:38.3855706Z  + tokenizers==0.21.0
2025-06-02T13:39:38.3856003Z  + toml==0.10.2
2025-06-02T13:39:38.3856271Z  + tomli==2.2.1
2025-06-02T13:39:38.3856535Z  + tornado==6.4.2
2025-06-02T13:39:38.3856810Z  + tqdm==4.67.1
2025-06-02T13:39:38.3857080Z  + traitlets==5.14.3
2025-06-02T13:39:38.3857371Z  + typer==0.12.5
2025-06-02T13:39:38.3857668Z  + types-pyyaml==6.0.12.20241230
2025-06-02T13:39:38.3858262Z  + typing-extensions==4.12.2
2025-06-02T13:39:38.3858617Z  + typing-inspect==0.9.0
2025-06-02T13:39:38.3858931Z  + tzdata==2025.1
2025-06-02T13:39:38.3859220Z  + uritemplate==4.1.1
2025-06-02T13:39:38.3859507Z  + urllib3==2.3.0
2025-06-02T13:39:38.3859797Z  + virtualenv==20.29.3
2025-06-02T13:39:38.3860231Z  + watchdog==6.0.0
2025-06-02T13:39:38.3860526Z  + webencodings==0.5.1
2025-06-02T13:39:38.3860781Z  + websockets==13.1
2025-06-02T13:39:38.3861022Z  + wheel==0.44.0
2025-06-02T13:39:38.3861256Z  + xlsxwriter==3.2.2
2025-06-02T13:39:38.3861508Z  + yarl==1.18.3
2025-06-02T13:39:38.3861780Z  + youtube-transcript-api==0.6.3
2025-06-02T13:39:38.3862103Z  + zipp==3.21.0
2025-06-02T13:39:38.3862349Z  + zstandard==0.23.0
2025-06-02T13:39:38.3946041Z ##[group]Run uv run ruff check .
2025-06-02T13:39:38.3946340Z [36;1muv run ruff check .[0m
2025-06-02T13:39:38.3999673Z shell: /usr/bin/bash -e {0}
2025-06-02T13:39:38.3999892Z env:
2025-06-02T13:39:38.4000339Z   pythonLocation: /opt/hostedtoolcache/Python/3.12.10/x64
2025-06-02T13:39:38.4000754Z   PKG_CONFIG_PATH: /opt/hostedtoolcache/Python/3.12.10/x64/lib/pkgconfig
2025-06-02T13:39:38.4001132Z   Python_ROOT_DIR: /opt/hostedtoolcache/Python/3.12.10/x64
2025-06-02T13:39:38.4001485Z   Python2_ROOT_DIR: /opt/hostedtoolcache/Python/3.12.10/x64
2025-06-02T13:39:38.4001813Z   Python3_ROOT_DIR: /opt/hostedtoolcache/Python/3.12.10/x64
2025-06-02T13:39:38.4002149Z   LD_LIBRARY_PATH: /opt/hostedtoolcache/Python/3.12.10/x64/lib
2025-06-02T13:39:38.4002474Z   UV_CACHE_DIR: /home/runner/work/_temp/setup-uv-cache
2025-06-02T13:39:38.4002737Z ##[endgroup]
2025-06-02T13:39:38.5040281Z error: Failed to spawn: `ruff`
2025-06-02T13:39:38.5040904Z   Caused by: No such file or directory (os error 2)
2025-06-02T13:39:38.5067409Z ##[error]Process completed with exit code 2.
2025-06-02T13:39:38.5177005Z Post job cleanup.
2025-06-02T13:39:38.6151490Z [command]/usr/bin/git version
2025-06-02T13:39:38.6189954Z git version 2.49.0
2025-06-02T13:39:38.6236496Z Temporarily overriding HOME='/home/runner/work/_temp/c26813aa-d906-44e5-b8ea-b3a7d13c2cce' before making global git config changes
2025-06-02T13:39:38.6237756Z Adding repository directory to the temporary git global config as a safe directory
2025-06-02T13:39:38.6243488Z [command]/usr/bin/git config --global --add safe.directory /home/runner/work/open-notebook/open-notebook
2025-06-02T13:39:38.6282833Z [command]/usr/bin/git config --local --name-only --get-regexp core\.sshCommand
2025-06-02T13:39:38.6318176Z [command]/usr/bin/git submodule foreach --recursive sh -c "git config --local --name-only --get-regexp 'core\.sshCommand' && git config --local --unset-all 'core.sshCommand' || :"
2025-06-02T13:39:38.6557255Z [command]/usr/bin/git config --local --name-only --get-regexp http\.https\:\/\/github\.com\/\.extraheader
2025-06-02T13:39:38.6580308Z http.https://github.com/.extraheader
2025-06-02T13:39:38.6594208Z [command]/usr/bin/git config --local --unset-all http.https://github.com/.extraheader
2025-06-02T13:39:38.6626189Z [command]/usr/bin/git submodule foreach --recursive sh -c "git config --local --name-only --get-regexp 'http\.https\:\/\/github\.com\/\.extraheader' && git config --local --unset-all 'http.https://github.com/.extraheader' || :"
2025-06-02T13:39:38.6969301Z Cleaning up orphan processes
